[ERROR] COMPILATION ERROR : 
[ERROR] /home/mikejohnp/Projects/final-ecommerce/web-backend/src/main/java/com/fashion/auth/model/Order.java:[63,20] variable ghnTrackingCode is already defined in class com.fashion.auth.model.Order
[ERROR] /home/mikejohnp/Projects/final-ecommerce/web-backend/src/main/java/com/fashion/auth/model/Order.java:[66,21] variable toDistrictId is already defined in class com.fashion.auth.model.Order
[ERROR] /home/mikejohnp/Projects/final-ecommerce/web-backend/src/main/java/com/fashion/auth/model/Order.java:[69,20] variable toWardCode is already defined in class com.fashion.auth.model.Order
[ERROR] /home/mikejohnp/Projects/final-ecommerce/web-backend/src/main/java/com/fashion/auth/service/GhnShopConfigStore.java:[36,45] cannot find symbol
  symbol:   method builder()
  location: class com.fashion.auth.dto.ghn.GhnShopConfig
[ERROR] /home/mikejohnp/Projects/final-ecommerce/web-backend/src/main/java/com/fashion/auth/service/GhnShopConfigStore.java:[42,9] cannot find symbol
  symbol:   variable log
  location: class com.fashion.auth.service.GhnShopConfigStore
[ERROR] /home/mikejohnp/Projects/final-ecommerce/web-backend/src/main/java/com/fashion/auth/service/GhnShopConfigStore.java:[51,17] cannot find symbol
  symbol:   variable log
  location: class com.fashion.auth.service.GhnShopConfigStore
[ERROR] /home/mikejohnp/Projects/final-ecommerce/web-backend/src/main/java/com/fashion/auth/service/GhnShopConfigStore.java:[53,17] cannot find symbol
  symbol:   variable log
  location: class com.fashion.auth.service.GhnShopConfigStore
[ERROR] /home/mikejohnp/Projects/final-ecommerce/web-backend/src/main/java/com/fashion/auth/service/GhnShopConfigStore.java:[63,13] cannot find symbol
  symbol:   variable log
  location: class com.fashion.auth.service.GhnShopConfigStore
[ERROR] /home/mikejohnp/Projects/final-ecommerce/web-backend/src/main/java/com/fashion/auth/service/ProductService.java:[57,37] cannot find symbol
  symbol:   method getViewCount()
  location: variable product of type com.fashion.auth.model.Product
[ERROR] /home/mikejohnp/Projects/final-ecommerce/web-backend/src/main/java/com/fashion/auth/service/ProductService.java:[69,53] cannot find symbol
  symbol:   method getId()
  location: variable user of type com.fashion.auth.model.User
[ERROR] /home/mikejohnp/Projects/final-ecommerce/web-backend/src/main/java/com/fashion/auth/service/ProductService.java:[71,16] cannot find symbol
  symbol:   method setShop(com.fashion.auth.model.Shop)
  location: variable product of type com.fashion.auth.model.Product
[ERROR] /home/mikejohnp/Projects/final-ecommerce/web-backend/src/main/java/com/fashion/auth/service/ProductService.java:[81,53] cannot find symbol
  symbol:   method getId()
  location: variable user of type com.fashion.auth.model.User
[ERROR] /home/mikejohnp/Projects/final-ecommerce/web-backend/src/main/java/com/fashion/auth/service/ProductService.java:[84,21] cannot find symbol
  symbol:   method getShop()
  location: variable product of type com.fashion.auth.model.Product
[ERROR] /home/mikejohnp/Projects/final-ecommerce/web-backend/src/main/java/com/fashion/auth/service/ProductService.java:[84,51] cannot find symbol
  symbol:   method getId()
  location: variable shop of type com.fashion.auth.model.Shop
[ERROR] /home/mikejohnp/Projects/final-ecommerce/web-backend/src/main/java/com/fashion/auth/service/ProductService.java:[88,20] cannot find symbol
  symbol:   method getName()
  location: variable updates of type com.fashion.auth.model.Product
[ERROR] /home/mikejohnp/Projects/final-ecommerce/web-backend/src/main/java/com/fashion/auth/service/ProductService.java:[88,63] cannot find symbol
  symbol:   method getName()
  location: variable updates of type com.fashion.auth.model.Product
[ERROR] /home/mikejohnp/Projects/final-ecommerce/web-backend/src/main/java/com/fashion/auth/service/ProductService.java:[89,20] cannot find symbol
  symbol:   method getDescription()
  location: variable updates of type com.fashion.auth.model.Product
[ERROR] /home/mikejohnp/Projects/final-ecommerce/web-backend/src/main/java/com/fashion/auth/service/ProductService.java:[89,77] cannot find symbol
  symbol:   method getDescription()
  location: variable updates of type com.fashion.auth.model.Product
[ERROR] /home/mikejohnp/Projects/final-ecommerce/web-backend/src/main/java/com/fashion/auth/service/ProductService.java:[90,20] cannot find symbol
  symbol:   method getPrice()
  location: variable updates of type com.fashion.auth.model.Product
[ERROR] /home/mikejohnp/Projects/final-ecommerce/web-backend/src/main/java/com/fashion/auth/service/ProductService.java:[90,65] cannot find symbol
  symbol:   method getPrice()
  location: variable updates of type com.fashion.auth.model.Product
[ERROR] /home/mikejohnp/Projects/final-ecommerce/web-backend/src/main/java/com/fashion/auth/service/ProductService.java:[91,20] cannot find symbol
  symbol:   method getConditionStatus()
  location: variable updates of type com.fashion.auth.model.Product
[ERROR] /home/mikejohnp/Projects/final-ecommerce/web-backend/src/main/java/com/fashion/auth/service/ProductService.java:[91,85] cannot find symbol
  symbol:   method getConditionStatus()
  location: variable updates of type com.fashion.auth.model.Product
[ERROR] /home/mikejohnp/Projects/final-ecommerce/web-backend/src/main/java/com/fashion/auth/service/ProductService.java:[92,33] cannot find symbol
  symbol:   method getStock()
  location: variable updates of type com.fashion.auth.model.Product
[ERROR] /home/mikejohnp/Projects/final-ecommerce/web-backend/src/main/java/com/fashion/auth/service/ProductService.java:[103,53] cannot find symbol
  symbol:   method getId()
  location: variable user of type com.fashion.auth.model.User
[ERROR] /home/mikejohnp/Projects/final-ecommerce/web-backend/src/main/java/com/fashion/auth/service/ProductService.java:[106,21] cannot find symbol
  symbol:   method getShop()
  location: variable product of type com.fashion.auth.model.Product
[ERROR] /home/mikejohnp/Projects/final-ecommerce/web-backend/src/main/java/com/fashion/auth/service/ProductService.java:[106,51] cannot find symbol
  symbol:   method getId()
  location: variable shop of type com.fashion.auth.model.Shop
[ERROR] /home/mikejohnp/Projects/final-ecommerce/web-backend/src/main/java/com/fashion/auth/service/ProductService.java:[110,16] cannot find symbol
  symbol:   method setActive(boolean)
  location: variable product of type com.fashion.auth.model.Product
[ERROR] /home/mikejohnp/Projects/final-ecommerce/web-backend/src/main/java/com/fashion/auth/dto/AuthDto.java:[73,24] cannot find symbol
  symbol:   method getId()
  location: variable u of type com.fashion.auth.model.User
[ERROR] /home/mikejohnp/Projects/final-ecommerce/web-backend/src/main/java/com/fashion/auth/dto/AuthDto.java:[74,30] cannot find symbol
  symbol:   method getFullName()
  location: variable u of type com.fashion.auth.model.User
[ERROR] /home/mikejohnp/Projects/final-ecommerce/web-backend/src/main/java/com/fashion/auth/dto/AuthDto.java:[75,27] cannot find symbol
  symbol:   method getEmail()
  location: variable u of type com.fashion.auth.model.User
[ERROR] /home/mikejohnp/Projects/final-ecommerce/web-backend/src/main/java/com/fashion/auth/dto/AuthDto.java:[76,26] cannot find symbol
  symbol:   method getRole()
  location: variable u of type com.fashion.auth.model.User
[ERROR] /home/mikejohnp/Projects/final-ecommerce/web-backend/src/main/java/com/fashion/auth/dto/AuthDto.java:[77,31] cannot find symbol
  symbol:   method getAvatarUrl()
  location: variable u of type com.fashion.auth.model.User
[ERROR] /home/mikejohnp/Projects/final-ecommerce/web-backend/src/main/java/com/fashion/auth/controller/AdminUserController.java:[54,46] cannot find symbol
  symbol:   method getFullName()
  location: variable user of type com.fashion.auth.model.User
[ERROR] /home/mikejohnp/Projects/final-ecommerce/web-backend/src/main/java/com/fashion/auth/controller/AdminUserController.java:[55,46] cannot find symbol
  symbol:   method getEmail()
  location: variable user of type com.fashion.auth.model.User
[ERROR] /home/mikejohnp/Projects/final-ecommerce/web-backend/src/main/java/com/fashion/auth/controller/AdminUserController.java:[56,46] cannot find symbol
  symbol:   method getPhone()
  location: variable user of type com.fashion.auth.model.User
[ERROR] /home/mikejohnp/Projects/final-ecommerce/web-backend/src/main/java/com/fashion/auth/controller/AdminUserController.java:[59,36] cannot find symbol
  symbol:   method getRole()
  location: variable user of type com.fashion.auth.model.User
[ERROR] /home/mikejohnp/Projects/final-ecommerce/web-backend/src/main/java/com/fashion/auth/controller/AdminUserController.java:[60,61] cannot find symbol
  symbol:   method isActive()
  location: variable user of type com.fashion.auth.model.User
[ERROR] /home/mikejohnp/Projects/final-ecommerce/web-backend/src/main/java/com/fashion/auth/controller/AdminUserController.java:[61,50] invalid method reference
  cannot find symbol
    symbol:   method getCreatedAt()
    location: class com.fashion.auth.model.User
[ERROR] /home/mikejohnp/Projects/final-ecommerce/web-backend/src/main/java/com/fashion/auth/controller/AdminUserController.java:[97,29] cannot find symbol
  symbol:   method builder()
  location: class com.fashion.auth.model.User
[ERROR] /home/mikejohnp/Projects/final-ecommerce/web-backend/src/main/java/com/fashion/auth/controller/AdminUserController.java:[127,53] cannot find symbol
  symbol:   method getId()
  location: variable user of type com.fashion.auth.model.User
[ERROR] /home/mikejohnp/Projects/final-ecommerce/web-backend/src/main/java/com/fashion/auth/controller/AdminUserController.java:[128,59] cannot find symbol
  symbol:   method getId()
  location: variable user of type com.fashion.auth.model.User
[ERROR] /home/mikejohnp/Projects/final-ecommerce/web-backend/src/main/java/com/fashion/auth/controller/AdminUserController.java:[133,22] cannot find symbol
  symbol:   method getId()
  location: variable admin of type com.fashion.auth.model.User
[ERROR] /home/mikejohnp/Projects/final-ecommerce/web-backend/src/main/java/com/fashion/auth/controller/AdminUserController.java:[133,42] cannot find symbol
  symbol:   method getId()
  location: variable user of type com.fashion.auth.model.User
[ERROR] /home/mikejohnp/Projects/final-ecommerce/web-backend/src/main/java/com/fashion/auth/controller/AdminUserController.java:[137,17] cannot find symbol
  symbol:   method setFullName(java.lang.String)
  location: variable user of type com.fashion.auth.model.User
[ERROR] /home/mikejohnp/Projects/final-ecommerce/web-backend/src/main/java/com/fashion/auth/controller/AdminUserController.java:[138,17] cannot find symbol
  symbol:   method setEmail(java.lang.String)
  location: variable user of type com.fashion.auth.model.User
[ERROR] /home/mikejohnp/Projects/final-ecommerce/web-backend/src/main/java/com/fashion/auth/controller/AdminUserController.java:[139,17] cannot find symbol
  symbol:   method setPhone(java.lang.String)
  location: variable user of type com.fashion.auth.model.User
[ERROR] /home/mikejohnp/Projects/final-ecommerce/web-backend/src/main/java/com/fashion/auth/controller/AdminUserController.java:[140,17] cannot find symbol
  symbol:   method setAvatarUrl(java.lang.String)
  location: variable user of type com.fashion.auth.model.User
[ERROR] /home/mikejohnp/Projects/final-ecommerce/web-backend/src/main/java/com/fashion/auth/controller/AdminUserController.java:[141,17] cannot find symbol
  symbol:   method setRole(com.fashion.auth.model.User.Role)
  location: variable user of type com.fashion.auth.model.User
[ERROR] /home/mikejohnp/Projects/final-ecommerce/web-backend/src/main/java/com/fashion/auth/controller/AdminUserController.java:[142,17] cannot find symbol
  symbol:   method setActive(boolean)
  location: variable user of type com.fashion.auth.model.User
[ERROR] /home/mikejohnp/Projects/final-ecommerce/web-backend/src/main/java/com/fashion/auth/controller/AdminUserController.java:[143,17] cannot find symbol
  symbol:   method setUpdatedAt(java.time.LocalDateTime)
  location: variable user of type com.fashion.auth.model.User
[ERROR] /home/mikejohnp/Projects/final-ecommerce/web-backend/src/main/java/com/fashion/auth/controller/AdminUserController.java:[162,22] cannot find symbol
  symbol:   method getId()
  location: variable admin of type com.fashion.auth.model.User
[ERROR] /home/mikejohnp/Projects/final-ecommerce/web-backend/src/main/java/com/fashion/auth/controller/AdminUserController.java:[162,42] cannot find symbol
  symbol:   method getId()
  location: variable user of type com.fashion.auth.model.User
[ERROR] /home/mikejohnp/Projects/final-ecommerce/web-backend/src/main/java/com/fashion/auth/controller/AdminUserController.java:[166,17] cannot find symbol
  symbol:   method setActive(boolean)
  location: variable user of type com.fashion.auth.model.User
[ERROR] /home/mikejohnp/Projects/final-ecommerce/web-backend/src/main/java/com/fashion/auth/controller/AdminUserController.java:[167,17] cannot find symbol
  symbol:   method setUpdatedAt(java.time.LocalDateTime)
  location: variable user of type com.fashion.auth.model.User
[ERROR] /home/mikejohnp/Projects/final-ecommerce/web-backend/src/main/java/com/fashion/auth/controller/AdminUserController.java:[184,22] cannot find symbol
  symbol:   method getId()
  location: variable admin of type com.fashion.auth.model.User
[ERROR] /home/mikejohnp/Projects/final-ecommerce/web-backend/src/main/java/com/fashion/auth/controller/AdminUserController.java:[184,42] cannot find symbol
  symbol:   method getId()
  location: variable user of type com.fashion.auth.model.User
[ERROR] /home/mikejohnp/Projects/final-ecommerce/web-backend/src/main/java/com/fashion/auth/controller/AdminUserController.java:[212,18] cannot find symbol
  symbol:   method isActive()
  location: variable user of type com.fashion.auth.model.User
[ERROR] /home/mikejohnp/Projects/final-ecommerce/web-backend/src/main/java/com/fashion/auth/controller/AdminUserController.java:[216,17] cannot find symbol
  symbol:   method getRole()
  location: variable user of type com.fashion.auth.model.User
[ERROR] /home/mikejohnp/Projects/final-ecommerce/web-backend/src/main/java/com/fashion/auth/controller/AdminUserController.java:[230,51] cannot find symbol
  symbol:   method getId()
  location: variable existing of type com.fashion.auth.model.User
[ERROR] /home/mikejohnp/Projects/final-ecommerce/web-backend/src/main/java/com/fashion/auth/controller/AdminUserController.java:[238,51] cannot find symbol
  symbol:   method getId()
  location: variable existing of type com.fashion.auth.model.User
[ERROR] /home/mikejohnp/Projects/final-ecommerce/web-backend/src/main/java/com/fashion/auth/security/OAuth2SuccessHandler.java:[135,32] cannot find symbol
  symbol:   method builder()
  location: class com.fashion.auth.model.User
[ERROR] /home/mikejohnp/Projects/final-ecommerce/web-backend/src/main/java/com/fashion/auth/security/OAuth2SuccessHandler.java:[147,66] cannot find symbol
  symbol:   method getAvatarUrl()
  location: variable user of type com.fashion.auth.model.User
[ERROR] /home/mikejohnp/Projects/final-ecommerce/web-backend/src/main/java/com/fashion/auth/security/OAuth2SuccessHandler.java:[148,17] cannot find symbol
  symbol:   method setAvatarUrl(java.lang.String)
  location: variable user of type com.fashion.auth.model.User
[ERROR] /home/mikejohnp/Projects/final-ecommerce/web-backend/src/main/java/com/fashion/auth/security/OAuth2SuccessHandler.java:[153,21] cannot find symbol
  symbol:   method getFullName()
  location: variable user of type com.fashion.auth.model.User
[ERROR] /home/mikejohnp/Projects/final-ecommerce/web-backend/src/main/java/com/fashion/auth/security/OAuth2SuccessHandler.java:[153,41] cannot find symbol
  symbol:   method getEmail()
  location: variable user of type com.fashion.auth.model.User
[ERROR] /home/mikejohnp/Projects/final-ecommerce/web-backend/src/main/java/com/fashion/auth/security/OAuth2SuccessHandler.java:[153,58] cannot find symbol
  symbol:   method getRole()
  location: variable user of type com.fashion.auth.model.User
[ERROR] /home/mikejohnp/Projects/final-ecommerce/web-backend/src/main/java/com/fashion/auth/service/GhnService.java:[32,9] cannot find symbol
  symbol:   variable log
  location: class com.fashion.auth.service.GhnService
[ERROR] /home/mikejohnp/Projects/final-ecommerce/web-backend/src/main/java/com/fashion/auth/service/GhnService.java:[39,40] cannot find symbol
  symbol:   method getGhnToken()
  location: variable config of type com.fashion.auth.dto.ghn.GhnShopConfig
[ERROR] /home/mikejohnp/Projects/final-ecommerce/web-backend/src/main/java/com/fashion/auth/service/GhnService.java:[40,56] cannot find symbol
  symbol:   method getGhnShopId()
  location: variable config of type com.fashion.auth.dto.ghn.GhnShopConfig
[ERROR] /home/mikejohnp/Projects/final-ecommerce/web-backend/src/main/java/com/fashion/auth/service/GhnService.java:[44,21] cannot find symbol
  symbol:   variable log
  location: class com.fashion.auth.service.GhnService
[ERROR] /home/mikejohnp/Projects/final-ecommerce/web-backend/src/main/java/com/fashion/auth/service/GhnService.java:[49,41] cannot find symbol
  symbol:   method getCode()
  location: variable response of type com.fashion.auth.dto.ghn.GhnBaseResponse<com.fashion.auth.dto.ghn.GhnFeeResponse>
[ERROR] /home/mikejohnp/Projects/final-ecommerce/web-backend/src/main/java/com/fashion/auth/service/GhnService.java:[50,53] cannot find symbol
  symbol:   method getMessage()
  location: variable response of type com.fashion.auth.dto.ghn.GhnBaseResponse<com.fashion.auth.dto.ghn.GhnFeeResponse>
[ERROR] /home/mikejohnp/Projects/final-ecommerce/web-backend/src/main/java/com/fashion/auth/service/GhnService.java:[51,13] cannot find symbol
  symbol:   variable log
  location: class com.fashion.auth.service.GhnService
[ERROR] /home/mikejohnp/Projects/final-ecommerce/web-backend/src/main/java/com/fashion/auth/service/GhnService.java:[55,24] cannot find symbol
  symbol:   method getData()
  location: variable response of type com.fashion.auth.dto.ghn.GhnBaseResponse<com.fashion.auth.dto.ghn.GhnFeeResponse>
[ERROR] /home/mikejohnp/Projects/final-ecommerce/web-backend/src/main/java/com/fashion/auth/service/GhnService.java:[65,9] cannot find symbol
  symbol:   variable log
  location: class com.fashion.auth.service.GhnService
[ERROR] /home/mikejohnp/Projects/final-ecommerce/web-backend/src/main/java/com/fashion/auth/service/GhnService.java:[69,40] cannot find symbol
  symbol:   method getGhnToken()
  location: variable config of type com.fashion.auth.dto.ghn.GhnShopConfig
[ERROR] /home/mikejohnp/Projects/final-ecommerce/web-backend/src/main/java/com/fashion/auth/service/GhnService.java:[70,56] cannot find symbol
  symbol:   method getGhnShopId()
  location: variable config of type com.fashion.auth.dto.ghn.GhnShopConfig
[ERROR] /home/mikejohnp/Projects/final-ecommerce/web-backend/src/main/java/com/fashion/auth/service/GhnService.java:[74,21] cannot find symbol
  symbol:   variable log
  location: class com.fashion.auth.service.GhnService
[ERROR] /home/mikejohnp/Projects/final-ecommerce/web-backend/src/main/java/com/fashion/auth/service/GhnService.java:[79,41] cannot find symbol
  symbol:   method getCode()
  location: variable response of type com.fashion.auth.dto.ghn.GhnBaseResponse<com.fashion.auth.dto.ghn.GhnCreateOrderResponse>
[ERROR] /home/mikejohnp/Projects/final-ecommerce/web-backend/src/main/java/com/fashion/auth/service/GhnService.java:[80,53] cannot find symbol
  symbol:   method getMessage()
  location: variable response of type com.fashion.auth.dto.ghn.GhnBaseResponse<com.fashion.auth.dto.ghn.GhnCreateOrderResponse>
[ERROR] /home/mikejohnp/Projects/final-ecommerce/web-backend/src/main/java/com/fashion/auth/service/GhnService.java:[81,13] cannot find symbol
  symbol:   variable log
  location: class com.fashion.auth.service.GhnService
[ERROR] /home/mikejohnp/Projects/final-ecommerce/web-backend/src/main/java/com/fashion/auth/service/GhnService.java:[85,24] cannot find symbol
  symbol:   method getData()
  location: variable response of type com.fashion.auth.dto.ghn.GhnBaseResponse<com.fashion.auth.dto.ghn.GhnCreateOrderResponse>
[ERROR] /home/mikejohnp/Projects/final-ecommerce/web-backend/src/main/java/com/fashion/auth/controller/GhnWebhookController.java:[25,9] cannot find symbol
  symbol:   variable log
  location: class com.fashion.auth.controller.GhnWebhookController
[ERROR] /home/mikejohnp/Projects/final-ecommerce/web-backend/src/main/java/com/fashion/auth/controller/GhnWebhookController.java:[37,17] cannot find symbol
  symbol:   variable log
  location: class com.fashion.auth.controller.GhnWebhookController
[ERROR] /home/mikejohnp/Projects/final-ecommerce/web-backend/src/main/java/com/fashion/auth/controller/GhnWebhookController.java:[43,30] cannot find symbol
  symbol:   method getStatus()
  location: variable order of type com.fashion.auth.model.Order
[ERROR] /home/mikejohnp/Projects/final-ecommerce/web-backend/src/main/java/com/fashion/auth/controller/GhnWebhookController.java:[44,56] cannot find symbol
  symbol:   method getShop()
  location: variable order of type com.fashion.auth.model.Order
[ERROR] /home/mikejohnp/Projects/final-ecommerce/web-backend/src/main/java/com/fashion/auth/controller/GhnWebhookController.java:[44,91] cannot find symbol
  symbol:   method getId()
  location: variable order of type com.fashion.auth.model.Order
[ERROR] /home/mikejohnp/Projects/final-ecommerce/web-backend/src/main/java/com/fashion/auth/controller/GhnWebhookController.java:[45,25] cannot find symbol
  symbol:   variable log
  location: class com.fashion.auth.controller.GhnWebhookController
[ERROR] /home/mikejohnp/Projects/final-ecommerce/web-backend/src/main/java/com/fashion/auth/controller/GhnWebhookController.java:[45,78] cannot find symbol
  symbol:   method getId()
  location: variable order of type com.fashion.auth.model.Order
[ERROR] /home/mikejohnp/Projects/final-ecommerce/web-backend/src/main/java/com/fashion/auth/controller/GhnWebhookController.java:[51,30] cannot find symbol
  symbol:   method getStatus()
  location: variable order of type com.fashion.auth.model.Order
[ERROR] /home/mikejohnp/Projects/final-ecommerce/web-backend/src/main/java/com/fashion/auth/controller/GhnWebhookController.java:[51,81] cannot find symbol
  symbol:   method getStatus()
  location: variable order of type com.fashion.auth.model.Order
[ERROR] /home/mikejohnp/Projects/final-ecommerce/web-backend/src/main/java/com/fashion/auth/controller/GhnWebhookController.java:[51,131] cannot find symbol
  symbol:   method getStatus()
  location: variable order of type com.fashion.auth.model.Order
[ERROR] /home/mikejohnp/Projects/final-ecommerce/web-backend/src/main/java/com/fashion/auth/controller/GhnWebhookController.java:[52,55] cannot find symbol
  symbol:   method getShop()
  location: variable order of type com.fashion.auth.model.Order
[ERROR] /home/mikejohnp/Projects/final-ecommerce/web-backend/src/main/java/com/fashion/auth/controller/GhnWebhookController.java:[52,90] cannot find symbol
  symbol:   method getId()
  location: variable order of type com.fashion.auth.model.Order
[ERROR] /home/mikejohnp/Projects/final-ecommerce/web-backend/src/main/java/com/fashion/auth/controller/GhnWebhookController.java:[53,25] cannot find symbol
  symbol:   variable log
  location: class com.fashion.auth.controller.GhnWebhookController
[ERROR] /home/mikejohnp/Projects/final-ecommerce/web-backend/src/main/java/com/fashion/auth/controller/GhnWebhookController.java:[53,78] cannot find symbol
  symbol:   method getId()
  location: variable order of type com.fashion.auth.model.Order
[ERROR] /home/mikejohnp/Projects/final-ecommerce/web-backend/src/main/java/com/fashion/auth/controller/GhnWebhookController.java:[57,21] cannot find symbol
  symbol:   variable log
  location: class com.fashion.auth.controller.GhnWebhookController
[ERROR] /home/mikejohnp/Projects/final-ecommerce/web-backend/src/main/java/com/fashion/auth/controller/GhnWebhookController.java:[57,91] cannot find symbol
  symbol:   method getId()
  location: variable order of type com.fashion.auth.model.Order
[ERROR] /home/mikejohnp/Projects/final-ecommerce/web-backend/src/main/java/com/fashion/auth/controller/GhnWebhookController.java:[63,13] cannot find symbol
  symbol:   variable log
  location: class com.fashion.auth.controller.GhnWebhookController
[ERROR] /home/mikejohnp/Projects/final-ecommerce/web-backend/src/main/java/com/fashion/auth/service/OrderService.java:[73,43] invalid method reference
  cannot find symbol
    symbol:   method getId()
    location: class com.fashion.auth.model.Product
[ERROR] Failed to execute goal org.apache.maven.plugins:maven-compiler-plugin:3.11.0:compile (default-compile) on project fashion-auth: Compilation failure: Compilation failure: 
[ERROR] /home/mikejohnp/Projects/final-ecommerce/web-backend/src/main/java/com/fashion/auth/model/Order.java:[63,20] variable ghnTrackingCode is already defined in class com.fashion.auth.model.Order
[ERROR] /home/mikejohnp/Projects/final-ecommerce/web-backend/src/main/java/com/fashion/auth/model/Order.java:[66,21] variable toDistrictId is already defined in class com.fashion.auth.model.Order
[ERROR] /home/mikejohnp/Projects/final-ecommerce/web-backend/src/main/java/com/fashion/auth/model/Order.java:[69,20] variable toWardCode is already defined in class com.fashion.auth.model.Order
[ERROR] /home/mikejohnp/Projects/final-ecommerce/web-backend/src/main/java/com/fashion/auth/service/GhnShopConfigStore.java:[36,45] cannot find symbol
[ERROR]   symbol:   method builder()
[ERROR]   location: class com.fashion.auth.dto.ghn.GhnShopConfig
[ERROR] /home/mikejohnp/Projects/final-ecommerce/web-backend/src/main/java/com/fashion/auth/service/GhnShopConfigStore.java:[42,9] cannot find symbol
[ERROR]   symbol:   variable log
[ERROR]   location: class com.fashion.auth.service.GhnShopConfigStore
[ERROR] /home/mikejohnp/Projects/final-ecommerce/web-backend/src/main/java/com/fashion/auth/service/GhnShopConfigStore.java:[51,17] cannot find symbol
[ERROR]   symbol:   variable log
[ERROR]   location: class com.fashion.auth.service.GhnShopConfigStore
[ERROR] /home/mikejohnp/Projects/final-ecommerce/web-backend/src/main/java/com/fashion/auth/service/GhnShopConfigStore.java:[53,17] cannot find symbol
[ERROR]   symbol:   variable log
[ERROR]   location: class com.fashion.auth.service.GhnShopConfigStore
[ERROR] /home/mikejohnp/Projects/final-ecommerce/web-backend/src/main/java/com/fashion/auth/service/GhnShopConfigStore.java:[63,13] cannot find symbol
[ERROR]   symbol:   variable log
[ERROR]   location: class com.fashion.auth.service.GhnShopConfigStore
[ERROR] /home/mikejohnp/Projects/final-ecommerce/web-backend/src/main/java/com/fashion/auth/service/ProductService.java:[57,37] cannot find symbol
[ERROR]   symbol:   method getViewCount()
[ERROR]   location: variable product of type com.fashion.auth.model.Product
[ERROR] /home/mikejohnp/Projects/final-ecommerce/web-backend/src/main/java/com/fashion/auth/service/ProductService.java:[69,53] cannot find symbol
[ERROR]   symbol:   method getId()
[ERROR]   location: variable user of type com.fashion.auth.model.User
[ERROR] /home/mikejohnp/Projects/final-ecommerce/web-backend/src/main/java/com/fashion/auth/service/ProductService.java:[71,16] cannot find symbol
[ERROR]   symbol:   method setShop(com.fashion.auth.model.Shop)
[ERROR]   location: variable product of type com.fashion.auth.model.Product
[ERROR] /home/mikejohnp/Projects/final-ecommerce/web-backend/src/main/java/com/fashion/auth/service/ProductService.java:[81,53] cannot find symbol
[ERROR]   symbol:   method getId()
[ERROR]   location: variable user of type com.fashion.auth.model.User
[ERROR] /home/mikejohnp/Projects/final-ecommerce/web-backend/src/main/java/com/fashion/auth/service/ProductService.java:[84,21] cannot find symbol
[ERROR]   symbol:   method getShop()
[ERROR]   location: variable product of type com.fashion.auth.model.Product
[ERROR] /home/mikejohnp/Projects/final-ecommerce/web-backend/src/main/java/com/fashion/auth/service/ProductService.java:[84,51] cannot find symbol
[ERROR]   symbol:   method getId()
[ERROR]   location: variable shop of type com.fashion.auth.model.Shop
[ERROR] /home/mikejohnp/Projects/final-ecommerce/web-backend/src/main/java/com/fashion/auth/service/ProductService.java:[88,20] cannot find symbol
[ERROR]   symbol:   method getName()
[ERROR]   location: variable updates of type com.fashion.auth.model.Product
[ERROR] /home/mikejohnp/Projects/final-ecommerce/web-backend/src/main/java/com/fashion/auth/service/ProductService.java:[88,63] cannot find symbol
[ERROR]   symbol:   method getName()
[ERROR]   location: variable updates of type com.fashion.auth.model.Product
[ERROR] /home/mikejohnp/Projects/final-ecommerce/web-backend/src/main/java/com/fashion/auth/service/ProductService.java:[89,20] cannot find symbol
[ERROR]   symbol:   method getDescription()
[ERROR]   location: variable updates of type com.fashion.auth.model.Product
[ERROR] /home/mikejohnp/Projects/final-ecommerce/web-backend/src/main/java/com/fashion/auth/service/ProductService.java:[89,77] cannot find symbol
[ERROR]   symbol:   method getDescription()
[ERROR]   location: variable updates of type com.fashion.auth.model.Product
[ERROR] /home/mikejohnp/Projects/final-ecommerce/web-backend/src/main/java/com/fashion/auth/service/ProductService.java:[90,20] cannot find symbol
[ERROR]   symbol:   method getPrice()
[ERROR]   location: variable updates of type com.fashion.auth.model.Product
[ERROR] /home/mikejohnp/Projects/final-ecommerce/web-backend/src/main/java/com/fashion/auth/service/ProductService.java:[90,65] cannot find symbol
[ERROR]   symbol:   method getPrice()
[ERROR]   location: variable updates of type com.fashion.auth.model.Product
[ERROR] /home/mikejohnp/Projects/final-ecommerce/web-backend/src/main/java/com/fashion/auth/service/ProductService.java:[91,20] cannot find symbol
[ERROR]   symbol:   method getConditionStatus()
[ERROR]   location: variable updates of type com.fashion.auth.model.Product
[ERROR] /home/mikejohnp/Projects/final-ecommerce/web-backend/src/main/java/com/fashion/auth/service/ProductService.java:[91,85] cannot find symbol
[ERROR]   symbol:   method getConditionStatus()
[ERROR]   location: variable updates of type com.fashion.auth.model.Product
[ERROR] /home/mikejohnp/Projects/final-ecommerce/web-backend/src/main/java/com/fashion/auth/service/ProductService.java:[92,33] cannot find symbol
[ERROR]   symbol:   method getStock()
[ERROR]   location: variable updates of type com.fashion.auth.model.Product
[ERROR] /home/mikejohnp/Projects/final-ecommerce/web-backend/src/main/java/com/fashion/auth/service/ProductService.java:[103,53] cannot find symbol
[ERROR]   symbol:   method getId()
[ERROR]   location: variable user of type com.fashion.auth.model.User
[ERROR] /home/mikejohnp/Projects/final-ecommerce/web-backend/src/main/java/com/fashion/auth/service/ProductService.java:[106,21] cannot find symbol
[ERROR]   symbol:   method getShop()
[ERROR]   location: variable product of type com.fashion.auth.model.Product
[ERROR] /home/mikejohnp/Projects/final-ecommerce/web-backend/src/main/java/com/fashion/auth/service/ProductService.java:[106,51] cannot find symbol
[ERROR]   symbol:   method getId()
[ERROR]   location: variable shop of type com.fashion.auth.model.Shop
[ERROR] /home/mikejohnp/Projects/final-ecommerce/web-backend/src/main/java/com/fashion/auth/service/ProductService.java:[110,16] cannot find symbol
[ERROR]   symbol:   method setActive(boolean)
[ERROR]   location: variable product of type com.fashion.auth.model.Product
[ERROR] /home/mikejohnp/Projects/final-ecommerce/web-backend/src/main/java/com/fashion/auth/dto/AuthDto.java:[73,24] cannot find symbol
[ERROR]   symbol:   method getId()
[ERROR]   location: variable u of type com.fashion.auth.model.User
[ERROR] /home/mikejohnp/Projects/final-ecommerce/web-backend/src/main/java/com/fashion/auth/dto/AuthDto.java:[74,30] cannot find symbol
[ERROR]   symbol:   method getFullName()
[ERROR]   location: variable u of type com.fashion.auth.model.User
[ERROR] /home/mikejohnp/Projects/final-ecommerce/web-backend/src/main/java/com/fashion/auth/dto/AuthDto.java:[75,27] cannot find symbol
[ERROR]   symbol:   method getEmail()
[ERROR]   location: variable u of type com.fashion.auth.model.User
[ERROR] /home/mikejohnp/Projects/final-ecommerce/web-backend/src/main/java/com/fashion/auth/dto/AuthDto.java:[76,26] cannot find symbol
[ERROR]   symbol:   method getRole()
[ERROR]   location: variable u of type com.fashion.auth.model.User
[ERROR] /home/mikejohnp/Projects/final-ecommerce/web-backend/src/main/java/com/fashion/auth/dto/AuthDto.java:[77,31] cannot find symbol
[ERROR]   symbol:   method getAvatarUrl()
[ERROR]   location: variable u of type com.fashion.auth.model.User
[ERROR] /home/mikejohnp/Projects/final-ecommerce/web-backend/src/main/java/com/fashion/auth/controller/AdminUserController.java:[54,46] cannot find symbol
[ERROR]   symbol:   method getFullName()
[ERROR]   location: variable user of type com.fashion.auth.model.User
[ERROR] /home/mikejohnp/Projects/final-ecommerce/web-backend/src/main/java/com/fashion/auth/controller/AdminUserController.java:[55,46] cannot find symbol
[ERROR]   symbol:   method getEmail()
[ERROR]   location: variable user of type com.fashion.auth.model.User
[ERROR] /home/mikejohnp/Projects/final-ecommerce/web-backend/src/main/java/com/fashion/auth/controller/AdminUserController.java:[56,46] cannot find symbol
[ERROR]   symbol:   method getPhone()
[ERROR]   location: variable user of type com.fashion.auth.model.User
[ERROR] /home/mikejohnp/Projects/final-ecommerce/web-backend/src/main/java/com/fashion/auth/controller/AdminUserController.java:[59,36] cannot find symbol
[ERROR]   symbol:   method getRole()
[ERROR]   location: variable user of type com.fashion.auth.model.User
[ERROR] /home/mikejohnp/Projects/final-ecommerce/web-backend/src/main/java/com/fashion/auth/controller/AdminUserController.java:[60,61] cannot find symbol
[ERROR]   symbol:   method isActive()
[ERROR]   location: variable user of type com.fashion.auth.model.User
[ERROR] /home/mikejohnp/Projects/final-ecommerce/web-backend/src/main/java/com/fashion/auth/controller/AdminUserController.java:[61,50] invalid method reference
[ERROR]   cannot find symbol
[ERROR]     symbol:   method getCreatedAt()
[ERROR]     location: class com.fashion.auth.model.User
[ERROR] /home/mikejohnp/Projects/final-ecommerce/web-backend/src/main/java/com/fashion/auth/controller/AdminUserController.java:[97,29] cannot find symbol
[ERROR]   symbol:   method builder()
[ERROR]   location: class com.fashion.auth.model.User
[ERROR] /home/mikejohnp/Projects/final-ecommerce/web-backend/src/main/java/com/fashion/auth/controller/AdminUserController.java:[127,53] cannot find symbol
[ERROR]   symbol:   method getId()
[ERROR]   location: variable user of type com.fashion.auth.model.User
[ERROR] /home/mikejohnp/Projects/final-ecommerce/web-backend/src/main/java/com/fashion/auth/controller/AdminUserController.java:[128,59] cannot find symbol
[ERROR]   symbol:   method getId()
[ERROR]   location: variable user of type com.fashion.auth.model.User
[ERROR] /home/mikejohnp/Projects/final-ecommerce/web-backend/src/main/java/com/fashion/auth/controller/AdminUserController.java:[133,22] cannot find symbol
[ERROR]   symbol:   method getId()
[ERROR]   location: variable admin of type com.fashion.auth.model.User
[ERROR] /home/mikejohnp/Projects/final-ecommerce/web-backend/src/main/java/com/fashion/auth/controller/AdminUserController.java:[133,42] cannot find symbol
[ERROR]   symbol:   method getId()
[ERROR]   location: variable user of type com.fashion.auth.model.User
[ERROR] /home/mikejohnp/Projects/final-ecommerce/web-backend/src/main/java/com/fashion/auth/controller/AdminUserController.java:[137,17] cannot find symbol
[ERROR]   symbol:   method setFullName(java.lang.String)
[ERROR]   location: variable user of type com.fashion.auth.model.User
[ERROR] /home/mikejohnp/Projects/final-ecommerce/web-backend/src/main/java/com/fashion/auth/controller/AdminUserController.java:[138,17] cannot find symbol
[ERROR]   symbol:   method setEmail(java.lang.String)
[ERROR]   location: variable user of type com.fashion.auth.model.User
[ERROR] /home/mikejohnp/Projects/final-ecommerce/web-backend/src/main/java/com/fashion/auth/controller/AdminUserController.java:[139,17] cannot find symbol
[ERROR]   symbol:   method setPhone(java.lang.String)
[ERROR]   location: variable user of type com.fashion.auth.model.User
[ERROR] /home/mikejohnp/Projects/final-ecommerce/web-backend/src/main/java/com/fashion/auth/controller/AdminUserController.java:[140,17] cannot find symbol
[ERROR]   symbol:   method setAvatarUrl(java.lang.String)
[ERROR]   location: variable user of type com.fashion.auth.model.User
[ERROR] /home/mikejohnp/Projects/final-ecommerce/web-backend/src/main/java/com/fashion/auth/controller/AdminUserController.java:[141,17] cannot find symbol
[ERROR]   symbol:   method setRole(com.fashion.auth.model.User.Role)
[ERROR]   location: variable user of type com.fashion.auth.model.User
[ERROR] /home/mikejohnp/Projects/final-ecommerce/web-backend/src/main/java/com/fashion/auth/controller/AdminUserController.java:[142,17] cannot find symbol
[ERROR]   symbol:   method setActive(boolean)
[ERROR]   location: variable user of type com.fashion.auth.model.User
[ERROR] /home/mikejohnp/Projects/final-ecommerce/web-backend/src/main/java/com/fashion/auth/controller/AdminUserController.java:[143,17] cannot find symbol
[ERROR]   symbol:   method setUpdatedAt(java.time.LocalDateTime)
[ERROR]   location: variable user of type com.fashion.auth.model.User
[ERROR] /home/mikejohnp/Projects/final-ecommerce/web-backend/src/main/java/com/fashion/auth/controller/AdminUserController.java:[162,22] cannot find symbol
[ERROR]   symbol:   method getId()
[ERROR]   location: variable admin of type com.fashion.auth.model.User
[ERROR] /home/mikejohnp/Projects/final-ecommerce/web-backend/src/main/java/com/fashion/auth/controller/AdminUserController.java:[162,42] cannot find symbol
[ERROR]   symbol:   method getId()
[ERROR]   location: variable user of type com.fashion.auth.model.User
[ERROR] /home/mikejohnp/Projects/final-ecommerce/web-backend/src/main/java/com/fashion/auth/controller/AdminUserController.java:[166,17] cannot find symbol
[ERROR]   symbol:   method setActive(boolean)
[ERROR]   location: variable user of type com.fashion.auth.model.User
[ERROR] /home/mikejohnp/Projects/final-ecommerce/web-backend/src/main/java/com/fashion/auth/controller/AdminUserController.java:[167,17] cannot find symbol
[ERROR]   symbol:   method setUpdatedAt(java.time.LocalDateTime)
[ERROR]   location: variable user of type com.fashion.auth.model.User
[ERROR] /home/mikejohnp/Projects/final-ecommerce/web-backend/src/main/java/com/fashion/auth/controller/AdminUserController.java:[184,22] cannot find symbol
[ERROR]   symbol:   method getId()
[ERROR]   location: variable admin of type com.fashion.auth.model.User
[ERROR] /home/mikejohnp/Projects/final-ecommerce/web-backend/src/main/java/com/fashion/auth/controller/AdminUserController.java:[184,42] cannot find symbol
[ERROR]   symbol:   method getId()
[ERROR]   location: variable user of type com.fashion.auth.model.User
[ERROR] /home/mikejohnp/Projects/final-ecommerce/web-backend/src/main/java/com/fashion/auth/controller/AdminUserController.java:[212,18] cannot find symbol
[ERROR]   symbol:   method isActive()
[ERROR]   location: variable user of type com.fashion.auth.model.User
[ERROR] /home/mikejohnp/Projects/final-ecommerce/web-backend/src/main/java/com/fashion/auth/controller/AdminUserController.java:[216,17] cannot find symbol
[ERROR]   symbol:   method getRole()
[ERROR]   location: variable user of type com.fashion.auth.model.User
[ERROR] /home/mikejohnp/Projects/final-ecommerce/web-backend/src/main/java/com/fashion/auth/controller/AdminUserController.java:[230,51] cannot find symbol
[ERROR]   symbol:   method getId()
[ERROR]   location: variable existing of type com.fashion.auth.model.User
[ERROR] /home/mikejohnp/Projects/final-ecommerce/web-backend/src/main/java/com/fashion/auth/controller/AdminUserController.java:[238,51] cannot find symbol
[ERROR]   symbol:   method getId()
[ERROR]   location: variable existing of type com.fashion.auth.model.User
[ERROR] /home/mikejohnp/Projects/final-ecommerce/web-backend/src/main/java/com/fashion/auth/security/OAuth2SuccessHandler.java:[135,32] cannot find symbol
[ERROR]   symbol:   method builder()
[ERROR]   location: class com.fashion.auth.model.User
[ERROR] /home/mikejohnp/Projects/final-ecommerce/web-backend/src/main/java/com/fashion/auth/security/OAuth2SuccessHandler.java:[147,66] cannot find symbol
[ERROR]   symbol:   method getAvatarUrl()
[ERROR]   location: variable user of type com.fashion.auth.model.User
[ERROR] /home/mikejohnp/Projects/final-ecommerce/web-backend/src/main/java/com/fashion/auth/security/OAuth2SuccessHandler.java:[148,17] cannot find symbol
[ERROR]   symbol:   method setAvatarUrl(java.lang.String)
[ERROR]   location: variable user of type com.fashion.auth.model.User
[ERROR] /home/mikejohnp/Projects/final-ecommerce/web-backend/src/main/java/com/fashion/auth/security/OAuth2SuccessHandler.java:[153,21] cannot find symbol
[ERROR]   symbol:   method getFullName()
[ERROR]   location: variable user of type com.fashion.auth.model.User
[ERROR] /home/mikejohnp/Projects/final-ecommerce/web-backend/src/main/java/com/fashion/auth/security/OAuth2SuccessHandler.java:[153,41] cannot find symbol
[ERROR]   symbol:   method getEmail()
[ERROR]   location: variable user of type com.fashion.auth.model.User
[ERROR] /home/mikejohnp/Projects/final-ecommerce/web-backend/src/main/java/com/fashion/auth/security/OAuth2SuccessHandler.java:[153,58] cannot find symbol
[ERROR]   symbol:   method getRole()
[ERROR]   location: variable user of type com.fashion.auth.model.User
[ERROR] /home/mikejohnp/Projects/final-ecommerce/web-backend/src/main/java/com/fashion/auth/service/GhnService.java:[32,9] cannot find symbol
[ERROR]   symbol:   variable log
[ERROR]   location: class com.fashion.auth.service.GhnService
[ERROR] /home/mikejohnp/Projects/final-ecommerce/web-backend/src/main/java/com/fashion/auth/service/GhnService.java:[39,40] cannot find symbol
[ERROR]   symbol:   method getGhnToken()
[ERROR]   location: variable config of type com.fashion.auth.dto.ghn.GhnShopConfig
[ERROR] /home/mikejohnp/Projects/final-ecommerce/web-backend/src/main/java/com/fashion/auth/service/GhnService.java:[40,56] cannot find symbol
[ERROR]   symbol:   method getGhnShopId()
[ERROR]   location: variable config of type com.fashion.auth.dto.ghn.GhnShopConfig
[ERROR] /home/mikejohnp/Projects/final-ecommerce/web-backend/src/main/java/com/fashion/auth/service/GhnService.java:[44,21] cannot find symbol
[ERROR]   symbol:   variable log
[ERROR]   location: class com.fashion.auth.service.GhnService
[ERROR] /home/mikejohnp/Projects/final-ecommerce/web-backend/src/main/java/com/fashion/auth/service/GhnService.java:[49,41] cannot find symbol
[ERROR]   symbol:   method getCode()
[ERROR]   location: variable response of type com.fashion.auth.dto.ghn.GhnBaseResponse<com.fashion.auth.dto.ghn.GhnFeeResponse>
[ERROR] /home/mikejohnp/Projects/final-ecommerce/web-backend/src/main/java/com/fashion/auth/service/GhnService.java:[50,53] cannot find symbol
[ERROR]   symbol:   method getMessage()
[ERROR]   location: variable response of type com.fashion.auth.dto.ghn.GhnBaseResponse<com.fashion.auth.dto.ghn.GhnFeeResponse>
[ERROR] /home/mikejohnp/Projects/final-ecommerce/web-backend/src/main/java/com/fashion/auth/service/GhnService.java:[51,13] cannot find symbol
[ERROR]   symbol:   variable log
[ERROR]   location: class com.fashion.auth.service.GhnService
[ERROR] /home/mikejohnp/Projects/final-ecommerce/web-backend/src/main/java/com/fashion/auth/service/GhnService.java:[55,24] cannot find symbol
[ERROR]   symbol:   method getData()
[ERROR]   location: variable response of type com.fashion.auth.dto.ghn.GhnBaseResponse<com.fashion.auth.dto.ghn.GhnFeeResponse>
[ERROR] /home/mikejohnp/Projects/final-ecommerce/web-backend/src/main/java/com/fashion/auth/service/GhnService.java:[65,9] cannot find symbol
[ERROR]   symbol:   variable log
[ERROR]   location: class com.fashion.auth.service.GhnService
[ERROR] /home/mikejohnp/Projects/final-ecommerce/web-backend/src/main/java/com/fashion/auth/service/GhnService.java:[69,40] cannot find symbol
[ERROR]   symbol:   method getGhnToken()
[ERROR]   location: variable config of type com.fashion.auth.dto.ghn.GhnShopConfig
[ERROR] /home/mikejohnp/Projects/final-ecommerce/web-backend/src/main/java/com/fashion/auth/service/GhnService.java:[70,56] cannot find symbol
[ERROR]   symbol:   method getGhnShopId()
[ERROR]   location: variable config of type com.fashion.auth.dto.ghn.GhnShopConfig
[ERROR] /home/mikejohnp/Projects/final-ecommerce/web-backend/src/main/java/com/fashion/auth/service/GhnService.java:[74,21] cannot find symbol
[ERROR]   symbol:   variable log
[ERROR]   location: class com.fashion.auth.service.GhnService
[ERROR] /home/mikejohnp/Projects/final-ecommerce/web-backend/src/main/java/com/fashion/auth/service/GhnService.java:[79,41] cannot find symbol
[ERROR]   symbol:   method getCode()
[ERROR]   location: variable response of type com.fashion.auth.dto.ghn.GhnBaseResponse<com.fashion.auth.dto.ghn.GhnCreateOrderResponse>
[ERROR] /home/mikejohnp/Projects/final-ecommerce/web-backend/src/main/java/com/fashion/auth/service/GhnService.java:[80,53] cannot find symbol
[ERROR]   symbol:   method getMessage()
[ERROR]   location: variable response of type com.fashion.auth.dto.ghn.GhnBaseResponse<com.fashion.auth.dto.ghn.GhnCreateOrderResponse>
[ERROR] /home/mikejohnp/Projects/final-ecommerce/web-backend/src/main/java/com/fashion/auth/service/GhnService.java:[81,13] cannot find symbol
[ERROR]   symbol:   variable log
[ERROR]   location: class com.fashion.auth.service.GhnService
[ERROR] /home/mikejohnp/Projects/final-ecommerce/web-backend/src/main/java/com/fashion/auth/service/GhnService.java:[85,24] cannot find symbol
[ERROR]   symbol:   method getData()
[ERROR]   location: variable response of type com.fashion.auth.dto.ghn.GhnBaseResponse<com.fashion.auth.dto.ghn.GhnCreateOrderResponse>
[ERROR] /home/mikejohnp/Projects/final-ecommerce/web-backend/src/main/java/com/fashion/auth/controller/GhnWebhookController.java:[25,9] cannot find symbol
[ERROR]   symbol:   variable log
[ERROR]   location: class com.fashion.auth.controller.GhnWebhookController
[ERROR] /home/mikejohnp/Projects/final-ecommerce/web-backend/src/main/java/com/fashion/auth/controller/GhnWebhookController.java:[37,17] cannot find symbol
[ERROR]   symbol:   variable log
[ERROR]   location: class com.fashion.auth.controller.GhnWebhookController
[ERROR] /home/mikejohnp/Projects/final-ecommerce/web-backend/src/main/java/com/fashion/auth/controller/GhnWebhookController.java:[43,30] cannot find symbol
[ERROR]   symbol:   method getStatus()
[ERROR]   location: variable order of type com.fashion.auth.model.Order
[ERROR] /home/mikejohnp/Projects/final-ecommerce/web-backend/src/main/java/com/fashion/auth/controller/GhnWebhookController.java:[44,56] cannot find symbol
[ERROR]   symbol:   method getShop()
[ERROR]   location: variable order of type com.fashion.auth.model.Order
[ERROR] /home/mikejohnp/Projects/final-ecommerce/web-backend/src/main/java/com/fashion/auth/controller/GhnWebhookController.java:[44,91] cannot find symbol
[ERROR]   symbol:   method getId()
[ERROR]   location: variable order of type com.fashion.auth.model.Order
[ERROR] /home/mikejohnp/Projects/final-ecommerce/web-backend/src/main/java/com/fashion/auth/controller/GhnWebhookController.java:[45,25] cannot find symbol
[ERROR]   symbol:   variable log
[ERROR]   location: class com.fashion.auth.controller.GhnWebhookController
[ERROR] /home/mikejohnp/Projects/final-ecommerce/web-backend/src/main/java/com/fashion/auth/controller/GhnWebhookController.java:[45,78] cannot find symbol
[ERROR]   symbol:   method getId()
[ERROR]   location: variable order of type com.fashion.auth.model.Order
[ERROR] /home/mikejohnp/Projects/final-ecommerce/web-backend/src/main/java/com/fashion/auth/controller/GhnWebhookController.java:[51,30] cannot find symbol
[ERROR]   symbol:   method getStatus()
[ERROR]   location: variable order of type com.fashion.auth.model.Order
[ERROR] /home/mikejohnp/Projects/final-ecommerce/web-backend/src/main/java/com/fashion/auth/controller/GhnWebhookController.java:[51,81] cannot find symbol
[ERROR]   symbol:   method getStatus()
[ERROR]   location: variable order of type com.fashion.auth.model.Order
[ERROR] /home/mikejohnp/Projects/final-ecommerce/web-backend/src/main/java/com/fashion/auth/controller/GhnWebhookController.java:[51,131] cannot find symbol
[ERROR]   symbol:   method getStatus()
[ERROR]   location: variable order of type com.fashion.auth.model.Order
[ERROR] /home/mikejohnp/Projects/final-ecommerce/web-backend/src/main/java/com/fashion/auth/controller/GhnWebhookController.java:[52,55] cannot find symbol
[ERROR]   symbol:   method getShop()
[ERROR]   location: variable order of type com.fashion.auth.model.Order
[ERROR] /home/mikejohnp/Projects/final-ecommerce/web-backend/src/main/java/com/fashion/auth/controller/GhnWebhookController.java:[52,90] cannot find symbol
[ERROR]   symbol:   method getId()
[ERROR]   location: variable order of type com.fashion.auth.model.Order
[ERROR] /home/mikejohnp/Projects/final-ecommerce/web-backend/src/main/java/com/fashion/auth/controller/GhnWebhookController.java:[53,25] cannot find symbol
[ERROR]   symbol:   variable log
[ERROR]   location: class com.fashion.auth.controller.GhnWebhookController
[ERROR] /home/mikejohnp/Projects/final-ecommerce/web-backend/src/main/java/com/fashion/auth/controller/GhnWebhookController.java:[53,78] cannot find symbol
[ERROR]   symbol:   method getId()
[ERROR]   location: variable order of type com.fashion.auth.model.Order
[ERROR] /home/mikejohnp/Projects/final-ecommerce/web-backend/src/main/java/com/fashion/auth/controller/GhnWebhookController.java:[57,21] cannot find symbol
[ERROR]   symbol:   variable log
[ERROR]   location: class com.fashion.auth.controller.GhnWebhookController
[ERROR] /home/mikejohnp/Projects/final-ecommerce/web-backend/src/main/java/com/fashion/auth/controller/GhnWebhookController.java:[57,91] cannot find symbol
[ERROR]   symbol:   method getId()
[ERROR]   location: variable order of type com.fashion.auth.model.Order
[ERROR] /home/mikejohnp/Projects/final-ecommerce/web-backend/src/main/java/com/fashion/auth/controller/GhnWebhookController.java:[63,13] cannot find symbol
[ERROR]   symbol:   variable log
[ERROR]   location: class com.fashion.auth.controller.GhnWebhookController
[ERROR] /home/mikejohnp/Projects/final-ecommerce/web-backend/src/main/java/com/fashion/auth/service/OrderService.java:[73,43] invalid method reference
[ERROR]   cannot find symbol
[ERROR]     symbol:   method getId()
[ERROR]     location: class com.fashion.auth.model.Product
[ERROR] -> [Help 1]
[ERROR] 
[ERROR] To see the full stack trace of the errors, re-run Maven with the -e switch.
[ERROR] Re-run Maven using the -X switch to enable full debug logging.
[ERROR] 
[ERROR] For more information about the errors and possible solutions, please read the following articles:
[ERROR] [Help 1] http://cwiki.apache.org/confluence/display/MAVEN/MojoFailureException
